------------------------------------------------------------
TimeQuest Timing Analyzer Summary
------------------------------------------------------------

Type  : Slow 1100mV 85C Model Setup 'clk'
Slack : -2.049
TNS   : -2.049

Type  : Slow 1100mV 85C Model Setup 'divisorDeClock:Bloco_1|clkout1Hz_signal'
Slack : -1.668
TNS   : -12.690

Type  : Slow 1100mV 85C Model Hold 'clk'
Slack : 0.614
TNS   : 0.000

Type  : Slow 1100mV 85C Model Hold 'divisorDeClock:Bloco_1|clkout1Hz_signal'
Slack : 0.865
TNS   : 0.000

Type  : Slow 1100mV 85C Model Minimum Pulse Width 'divisorDeClock:Bloco_1|clkout1Hz_signal'
Slack : -0.538
TNS   : -6.166

Type  : Slow 1100mV 85C Model Minimum Pulse Width 'clk'
Slack : -0.538
TNS   : -0.806

Type  : Slow 1100mV 0C Model Setup 'clk'
Slack : -1.971
TNS   : -1.971

Type  : Slow 1100mV 0C Model Setup 'divisorDeClock:Bloco_1|clkout1Hz_signal'
Slack : -1.733
TNS   : -13.209

Type  : Slow 1100mV 0C Model Hold 'clk'
Slack : 0.593
TNS   : 0.000

Type  : Slow 1100mV 0C Model Hold 'divisorDeClock:Bloco_1|clkout1Hz_signal'
Slack : 0.813
TNS   : 0.000

Type  : Slow 1100mV 0C Model Minimum Pulse Width 'divisorDeClock:Bloco_1|clkout1Hz_signal'
Slack : -0.538
TNS   : -6.167

Type  : Slow 1100mV 0C Model Minimum Pulse Width 'clk'
Slack : -0.538
TNS   : -0.814

Type  : Fast 1100mV 85C Model Setup 'clk'
Slack : -1.451
TNS   : -1.451

Type  : Fast 1100mV 85C Model Setup 'divisorDeClock:Bloco_1|clkout1Hz_signal'
Slack : -0.494
TNS   : -3.685

Type  : Fast 1100mV 85C Model Hold 'divisorDeClock:Bloco_1|clkout1Hz_signal'
Slack : 0.389
TNS   : 0.000

Type  : Fast 1100mV 85C Model Hold 'clk'
Slack : 0.667
TNS   : 0.000

Type  : Fast 1100mV 85C Model Minimum Pulse Width 'clk'
Slack : -0.262
TNS   : -0.262

Type  : Fast 1100mV 85C Model Minimum Pulse Width 'divisorDeClock:Bloco_1|clkout1Hz_signal'
Slack : 0.152
TNS   : 0.000

Type  : Fast 1100mV 0C Model Setup 'clk'
Slack : -1.193
TNS   : -1.193

Type  : Fast 1100mV 0C Model Setup 'divisorDeClock:Bloco_1|clkout1Hz_signal'
Slack : -0.430
TNS   : -3.103

Type  : Fast 1100mV 0C Model Hold 'divisorDeClock:Bloco_1|clkout1Hz_signal'
Slack : 0.342
TNS   : 0.000

Type  : Fast 1100mV 0C Model Hold 'clk'
Slack : 0.445
TNS   : 0.000

Type  : Fast 1100mV 0C Model Minimum Pulse Width 'clk'
Slack : -0.269
TNS   : -0.269

Type  : Fast 1100mV 0C Model Minimum Pulse Width 'divisorDeClock:Bloco_1|clkout1Hz_signal'
Slack : 0.144
TNS   : 0.000

------------------------------------------------------------
